$ ./scripts/check-cargo-lock.sh
Cargo.lock gate: missing native workspace package: aisoc-contracts (crates/aisoc-contracts)
Cargo.lock gate: missing native workspace package: aisoc-linux (crates/aisoc-linux)
Cargo.lock gate: missing native workspace package: aisoc-agent (crates/aisoc-agent)
Cargo.lock gate: missing native workspace package: aisoc-ingest (crates/aisoc-ingest)
Cargo.lock gate: missing native workspace package: aisoc-normalize (crates/aisoc-normalize)
Cargo.lock gate: missing native workspace package: aisoc-detection (crates/aisoc-detection)
Cargo.lock gate: missing native workspace package: aisoc-incident (crates/aisoc-incident)
Cargo.lock gate: missing native workspace package: aisoc-evidence (crates/aisoc-evidence)
Cargo.lock gate: missing native workspace package: aisoc-ai (crates/aisoc-ai)
Cargo.lock gate: missing native workspace package: aisoc-malware (crates/aisoc-malware)
Cargo.lock gate: missing native workspace package: aisoc-trace (crates/aisoc-trace)
Cargo.lock gate: missing native workspace package: aisoc-policy (crates/aisoc-policy)
Cargo.lock gate: missing native workspace package: aisoc-response (crates/aisoc-response)
Cargo.lock gate: missing native workspace package: aisoc-storage (crates/aisoc-storage)
Cargo.lock gate: missing native workspace package: aisoc-api (crates/aisoc-api)
Cargo.lock gate: missing native workspace package: aisoc-console (crates/aisoc-console)
Cargo.lock gate: missing native workspace package: aisoc-web-guard (crates/aisoc-web-guard)
Cargo.lock gate: missing pinned workspace dependency: serde
Cargo.lock gate: missing pinned workspace dependency: serde_json
Cargo.lock gate: missing pinned workspace dependency: schemars
Cargo.lock gate: missing pinned workspace dependency: thiserror
Cargo.lock gate: missing pinned workspace dependency: tracing
Cargo.lock gate: missing pinned workspace dependency: chrono
Cargo.lock gate: missing pinned workspace dependency: uuid
Cargo.lock gate: missing pinned workspace dependency: tokio
Cargo.lock gate: missing pinned workspace dependency: sqlx
Cargo.lock gate: FAIL - regenerate and commit Cargo.lock with Rust 1.82 before release/CI.
