$ make deploy-check
./scripts/check-rust-first.sh
Rust-first production gate: OK
python3 scripts/check-sqlx-migrations.py
SQLx/PostgreSQL migration gate: OK (5 migrations, 15 tables)
python3 scripts/check-central-repository.py
Central PostgreSQL repository gate: OK
bash -n deploy/linux/install.sh deploy/linux/release-manager.sh deploy/nginx/install-mtls-proxy.sh deploy/nginx/register-agent-cert.sh
bash tests/deploy/test_release_manager.sh
bin/aisoc-agent: OK
bin/aisoc-api: OK
bin/aisoc-console: OK
bin/aisoc-db: OK
bin/aisoc-ingest: OK
bin/aisoc-web-guard: OK
[aisoc-release] activated release v1
bin/aisoc-agent: OK
bin/aisoc-api: OK
bin/aisoc-console: OK
bin/aisoc-db: OK
bin/aisoc-ingest: OK
bin/aisoc-web-guard: OK
[aisoc-release] activated release v2
[aisoc-release] rolled back to v1
bin/aisoc-agent: OK
bin/aisoc-api: OK
bin/aisoc-console: OK
bin/aisoc-db: OK
bin/aisoc-ingest: OK
bin/aisoc-web-guard: OK
[aisoc-release] activated release signed
release manager deployment tests: PASS
